CRITICAL - 2026-07-21 07:16:42 --> TypeError: Unsupported operand types: float * array
[Method: POST, Route: transfert]
in APPPATH/Models/Transaction.php on line 213.
 1 APPPATH/Controllers/TransactionController.php(118): App\Models\Transaction->transfert()
 2 SYSTEMPATH/CodeIgniter.php(951): App\Controllers\TransactionController->transfert()
 3 SYSTEMPATH/CodeIgniter.php(497): CodeIgniter\CodeIgniter->runController()
 4 SYSTEMPATH/CodeIgniter.php(340): CodeIgniter\CodeIgniter->handleRequest()
 5 SYSTEMPATH/Boot.php(417): CodeIgniter\CodeIgniter->run()
 6 SYSTEMPATH/Boot.php(68): CodeIgniter\Boot::runCodeIgniter()
 7 FCPATH/index.php(59): CodeIgniter\Boot::bootWeb()
 8 SYSTEMPATH/rewrite.php(44): require_once('/home/zenoh/Bureau/Projet-final-SI-Mobile-money/public/index.php')
CRITICAL - 2026-07-21 07:17:14 --> ErrorException: Undefined array key 0
[Method: POST, Route: transfert]
in APPPATH/Models/Transaction.php on line 213.
 1 APPPATH/Models/Transaction.php(213): CodeIgniter\Debug\Exceptions->errorHandler()
 2 APPPATH/Controllers/TransactionController.php(118): App\Models\Transaction->transfert()
 3 SYSTEMPATH/CodeIgniter.php(951): App\Controllers\TransactionController->transfert()
 4 SYSTEMPATH/CodeIgniter.php(497): CodeIgniter\CodeIgniter->runController()
 5 SYSTEMPATH/CodeIgniter.php(340): CodeIgniter\CodeIgniter->handleRequest()
 6 SYSTEMPATH/Boot.php(417): CodeIgniter\CodeIgniter->run()
 7 SYSTEMPATH/Boot.php(68): CodeIgniter\Boot::runCodeIgniter()
 8 FCPATH/index.php(59): CodeIgniter\Boot::bootWeb()
 9 SYSTEMPATH/rewrite.php(44): require_once('/home/zenoh/Bureau/Projet-final-SI-Mobile-money/public/index.php')
CRITICAL - 2026-07-21 07:17:31 --> TypeError: Unsupported operand types: array * float
[Method: POST, Route: transfert]
in APPPATH/Models/Transaction.php on line 213.
 1 APPPATH/Controllers/TransactionController.php(118): App\Models\Transaction->transfert()
 2 SYSTEMPATH/CodeIgniter.php(951): App\Controllers\TransactionController->transfert()
 3 SYSTEMPATH/CodeIgniter.php(497): CodeIgniter\CodeIgniter->runController()
 4 SYSTEMPATH/CodeIgniter.php(340): CodeIgniter\CodeIgniter->handleRequest()
 5 SYSTEMPATH/Boot.php(417): CodeIgniter\CodeIgniter->run()
 6 SYSTEMPATH/Boot.php(68): CodeIgniter\Boot::runCodeIgniter()
 7 FCPATH/index.php(59): CodeIgniter\Boot::bootWeb()
 8 SYSTEMPATH/rewrite.php(44): require_once('/home/zenoh/Bureau/Projet-final-SI-Mobile-money/public/index.php')
CRITICAL - 2026-07-21 07:27:02 --> ErrorException: Attempt to read property "id" on array
[Method: GET, Route: operateur/promotions]
in APPPATH/Views/promotions.php on line 39.
 1 APPPATH/Views/promotions.php(39): CodeIgniter\Debug\Exceptions->errorHandler()
 2 SYSTEMPATH/View/View.php(240): include('/home/zenoh/Bureau/Projet-final-SI-Mobile-money/app/Views/promotions.php')
 3 SYSTEMPATH/View/View.php(243): CodeIgniter\View\View->CodeIgniter\View\{closure}()
 4 SYSTEMPATH/Common.php(1250): CodeIgniter\View\View->render()
 5 APPPATH/Controllers/OperateurController.php(126): view()
 6 SYSTEMPATH/CodeIgniter.php(951): App\Controllers\OperateurController->promotions()
 7 SYSTEMPATH/CodeIgniter.php(497): CodeIgniter\CodeIgniter->runController()
 8 SYSTEMPATH/CodeIgniter.php(340): CodeIgniter\CodeIgniter->handleRequest()
 9 SYSTEMPATH/Boot.php(417): CodeIgniter\CodeIgniter->run()
10 SYSTEMPATH/Boot.php(68): CodeIgniter\Boot::runCodeIgniter()
11 FCPATH/index.php(59): CodeIgniter\Boot::bootWeb()
12 SYSTEMPATH/rewrite.php(44): require_once('/home/zenoh/Bureau/Projet-final-SI-Mobile-money/public/index.php')
CRITICAL - 2026-07-21 07:27:29 --> ErrorException: Attempt to read property "pourcentage" on array
[Method: GET, Route: operateur/promotions]
in APPPATH/Views/promotions.php on line 40.
 1 APPPATH/Views/promotions.php(40): CodeIgniter\Debug\Exceptions->errorHandler()
 2 SYSTEMPATH/View/View.php(240): include('/home/zenoh/Bureau/Projet-final-SI-Mobile-money/app/Views/promotions.php')
 3 SYSTEMPATH/View/View.php(243): CodeIgniter\View\View->CodeIgniter\View\{closure}()
 4 SYSTEMPATH/Common.php(1250): CodeIgniter\View\View->render()
 5 APPPATH/Controllers/OperateurController.php(126): view()
 6 SYSTEMPATH/CodeIgniter.php(951): App\Controllers\OperateurController->promotions()
 7 SYSTEMPATH/CodeIgniter.php(497): CodeIgniter\CodeIgniter->runController()
 8 SYSTEMPATH/CodeIgniter.php(340): CodeIgniter\CodeIgniter->handleRequest()
 9 SYSTEMPATH/Boot.php(417): CodeIgniter\CodeIgniter->run()
10 SYSTEMPATH/Boot.php(68): CodeIgniter\Boot::runCodeIgniter()
11 FCPATH/index.php(59): CodeIgniter\Boot::bootWeb()
12 SYSTEMPATH/rewrite.php(44): require_once('/home/zenoh/Bureau/Projet-final-SI-Mobile-money/public/index.php')
ERROR - 2026-07-21 08:23:19 --> Unable to prepare statement: no such table: epargne
in SYSTEMPATH/Database/SQLite3/Connection.php on line 164.
 1 SYSTEMPATH/Database/SQLite3/Connection.php(164): SQLite3->query()
 2 SYSTEMPATH/Database/BaseConnection.php(910): CodeIgniter\Database\SQLite3\Connection->execute()
 3 SYSTEMPATH/Database/BaseConnection.php(827): CodeIgniter\Database\BaseConnection->simpleQuery()
 4 SYSTEMPATH/Database/BaseBuilder.php(1649): CodeIgniter\Database\BaseConnection->query()
 5 SYSTEMPATH/Model.php(192): CodeIgniter\Database\BaseBuilder->get()
 6 SYSTEMPATH/BaseModel.php(615): CodeIgniter\Model->doFind()
 7 APPPATH/Models/Transaction.php(174): CodeIgniter\BaseModel->find()
 8 APPPATH/Controllers/TransactionController.php(118): App\Models\Transaction->transfert()
 9 SYSTEMPATH/CodeIgniter.php(951): App\Controllers\TransactionController->transfert()
10 SYSTEMPATH/CodeIgniter.php(497): CodeIgniter\CodeIgniter->runController()
11 SYSTEMPATH/CodeIgniter.php(340): CodeIgniter\CodeIgniter->handleRequest()
12 SYSTEMPATH/Boot.php(417): CodeIgniter\CodeIgniter->run()
13 SYSTEMPATH/Boot.php(68): CodeIgniter\Boot::runCodeIgniter()
14 FCPATH/index.php(59): CodeIgniter\Boot::bootWeb()
15 SYSTEMPATH/rewrite.php(44): require_once('/home/zenoh/Bureau/Projet-final-SI-Mobile-money/public/index.php')
CRITICAL - 2026-07-21 08:23:19 --> CodeIgniter\Database\Exceptions\DatabaseException: Unable to prepare statement: no such table: epargne
[Method: POST, Route: transfert]
in SYSTEMPATH/Database/BaseConnection.php on line 865.
 1 SYSTEMPATH/Database/BaseBuilder.php(1649): CodeIgniter\Database\BaseConnection->query()
 2 SYSTEMPATH/Model.php(192): CodeIgniter\Database\BaseBuilder->get()
 3 SYSTEMPATH/BaseModel.php(615): CodeIgniter\Model->doFind()
 4 APPPATH/Models/Transaction.php(174): CodeIgniter\BaseModel->find()
 5 APPPATH/Controllers/TransactionController.php(118): App\Models\Transaction->transfert()
 6 SYSTEMPATH/CodeIgniter.php(951): App\Controllers\TransactionController->transfert()
 7 SYSTEMPATH/CodeIgniter.php(497): CodeIgniter\CodeIgniter->runController()
 8 SYSTEMPATH/CodeIgniter.php(340): CodeIgniter\CodeIgniter->handleRequest()
 9 SYSTEMPATH/Boot.php(417): CodeIgniter\CodeIgniter->run()
10 SYSTEMPATH/Boot.php(68): CodeIgniter\Boot::runCodeIgniter()
11 FCPATH/index.php(59): CodeIgniter\Boot::bootWeb()
12 SYSTEMPATH/rewrite.php(44): require_once('/home/zenoh/Bureau/Projet-final-SI-Mobile-money/public/index.php')
CRITICAL - 2026-07-21 08:23:19 --> [Caused by] CodeIgniter\Database\Exceptions\DatabaseException: Unable to prepare statement: no such table: epargne
in SYSTEMPATH/Database/SQLite3/Connection.php on line 174.
 1 SYSTEMPATH/Database/BaseConnection.php(910): CodeIgniter\Database\SQLite3\Connection->execute()
 2 SYSTEMPATH/Database/BaseConnection.php(827): CodeIgniter\Database\BaseConnection->simpleQuery()
 3 SYSTEMPATH/Database/BaseBuilder.php(1649): CodeIgniter\Database\BaseConnection->query()
 4 SYSTEMPATH/Model.php(192): CodeIgniter\Database\BaseBuilder->get()
 5 SYSTEMPATH/BaseModel.php(615): CodeIgniter\Model->doFind()
 6 APPPATH/Models/Transaction.php(174): CodeIgniter\BaseModel->find()
 7 APPPATH/Controllers/TransactionController.php(118): App\Models\Transaction->transfert()
 8 SYSTEMPATH/CodeIgniter.php(951): App\Controllers\TransactionController->transfert()
 9 SYSTEMPATH/CodeIgniter.php(497): CodeIgniter\CodeIgniter->runController()
10 SYSTEMPATH/CodeIgniter.php(340): CodeIgniter\CodeIgniter->handleRequest()
11 SYSTEMPATH/Boot.php(417): CodeIgniter\CodeIgniter->run()
12 SYSTEMPATH/Boot.php(68): CodeIgniter\Boot::runCodeIgniter()
13 FCPATH/index.php(59): CodeIgniter\Boot::bootWeb()
14 SYSTEMPATH/rewrite.php(44): require_once('/home/zenoh/Bureau/Projet-final-SI-Mobile-money/public/index.php')
CRITICAL - 2026-07-21 08:23:20 --> [Caused by] SQLite3Exception: Unable to prepare statement: no such table: epargne
in SYSTEMPATH/Database/SQLite3/Connection.php on line 164.
 1 SYSTEMPATH/Database/SQLite3/Connection.php(164): SQLite3->query()
 2 SYSTEMPATH/Database/BaseConnection.php(910): CodeIgniter\Database\SQLite3\Connection->execute()
 3 SYSTEMPATH/Database/BaseConnection.php(827): CodeIgniter\Database\BaseConnection->simpleQuery()
 4 SYSTEMPATH/Database/BaseBuilder.php(1649): CodeIgniter\Database\BaseConnection->query()
 5 SYSTEMPATH/Model.php(192): CodeIgniter\Database\BaseBuilder->get()
 6 SYSTEMPATH/BaseModel.php(615): CodeIgniter\Model->doFind()
 7 APPPATH/Models/Transaction.php(174): CodeIgniter\BaseModel->find()
 8 APPPATH/Controllers/TransactionController.php(118): App\Models\Transaction->transfert()
 9 SYSTEMPATH/CodeIgniter.php(951): App\Controllers\TransactionController->transfert()
10 SYSTEMPATH/CodeIgniter.php(497): CodeIgniter\CodeIgniter->runController()
11 SYSTEMPATH/CodeIgniter.php(340): CodeIgniter\CodeIgniter->handleRequest()
12 SYSTEMPATH/Boot.php(417): CodeIgniter\CodeIgniter->run()
13 SYSTEMPATH/Boot.php(68): CodeIgniter\Boot::runCodeIgniter()
14 FCPATH/index.php(59): CodeIgniter\Boot::bootWeb()
15 SYSTEMPATH/rewrite.php(44): require_once('/home/zenoh/Bureau/Projet-final-SI-Mobile-money/public/index.php')
CRITICAL - 2026-07-21 08:24:16 --> ErrorException: Trying to access array offset on null
[Method: POST, Route: transfert]
in APPPATH/Models/Transaction.php on line 228.
 1 APPPATH/Models/Transaction.php(228): CodeIgniter\Debug\Exceptions->errorHandler()
 2 APPPATH/Controllers/TransactionController.php(118): App\Models\Transaction->transfert()
 3 SYSTEMPATH/CodeIgniter.php(951): App\Controllers\TransactionController->transfert()
 4 SYSTEMPATH/CodeIgniter.php(497): CodeIgniter\CodeIgniter->runController()
 5 SYSTEMPATH/CodeIgniter.php(340): CodeIgniter\CodeIgniter->handleRequest()
 6 SYSTEMPATH/Boot.php(417): CodeIgniter\CodeIgniter->run()
 7 SYSTEMPATH/Boot.php(68): CodeIgniter\Boot::runCodeIgniter()
 8 FCPATH/index.php(59): CodeIgniter\Boot::bootWeb()
 9 SYSTEMPATH/rewrite.php(44): require_once('/home/zenoh/Bureau/Projet-final-SI-Mobile-money/public/index.php')
